// Vitest Snapshot v1, https://vitest.dev/guide/snapshot.html

exports[`BookmarkListRoute > renders name 1`] = `
<body>
  
  


  <div />
</body>
`;
